Archive member included to satisfy reference by file (symbol)

lib/DISPLAYS/SSD1306_AVR//libssd1306.a(ssd1306.o)
                              obj/display.o (LCD_UpdateScreen)
lib/DISPLAYS/SSD1306_AVR//libssd1306.a(twi.o)
                              lib/DISPLAYS/SSD1306_AVR//libssd1306.a(ssd1306.o) (TWI_Init)
/usr/lib/gcc/avr/9.2.0/avr5/libgcc.a(_udivmodqi4.o)
                              obj/usart.o (__udivmodqi4)
/usr/lib/gcc/avr/9.2.0/avr5/libgcc.a(_divmodqi4.o)
                              obj/usart.o (__divmodqi4)
/usr/lib/gcc/avr/9.2.0/avr5/libgcc.a(_udivmodhi4.o)
                              obj/usart.o (__udivmodhi4)
/usr/lib/gcc/avr/9.2.0/avr5/libgcc.a(_divmodhi4.o)
                              obj/usart.o (__divmodhi4)
/usr/lib/gcc/avr/9.2.0/avr5/libgcc.a(_udivmodsi4.o)
                              obj/usart.o (__udivmodsi4)
/usr/lib/gcc/avr/9.2.0/avr5/libgcc.a(_divmodsi4.o)
                              obj/usart.o (__divmodsi4)
/usr/lib/gcc/avr/9.2.0/avr5/libgcc.a(_negsi2.o)
                              /usr/lib/gcc/avr/9.2.0/avr5/libgcc.a(_divmodsi4.o) (__negsi2)
/usr/lib/gcc/avr/9.2.0/avr5/libgcc.a(_exit.o)
                              /usr/lib/gcc/avr/9.2.0/../../../../avr/lib/avr5/crtatmega328p.o (exit)
/usr/lib/gcc/avr/9.2.0/avr5/libgcc.a(_copy_data.o)
                              obj/display.o (__do_copy_data)
/usr/lib/gcc/avr/9.2.0/avr5/libgcc.a(_clear_bss.o)
                              obj/machine.o (__do_clear_bss)
/usr/lib/gcc/avr/9.2.0/avr5/libgcc.a(_mulhisi3.o)
                              lib/DISPLAYS/SSD1306_AVR//libssd1306.a(ssd1306.o) (__mulhisi3)
/usr/lib/gcc/avr/9.2.0/avr5/libgcc.a(_umulhisi3.o)
                              /usr/lib/gcc/avr/9.2.0/avr5/libgcc.a(_mulhisi3.o) (__umulhisi3)
/usr/lib/gcc/avr/9.2.0/avr5/libgcc.a(_usmulhisi3.o)
                              lib/DISPLAYS/SSD1306_AVR//libssd1306.a(ssd1306.o) (__usmulhisi3)
/usr/lib/gcc/avr/9.2.0/avr5/libgcc.a(_mulshisi3.o)
                              lib/DISPLAYS/SSD1306_AVR//libssd1306.a(ssd1306.o) (__mulshisi3)
/usr/lib/gcc/avr/9.2.0/avr5/libgcc.a(_muluhisi3.o)
                              /usr/lib/gcc/avr/9.2.0/avr5/libgcc.a(_mulshisi3.o) (__muluhisi3)
/usr/lib/gcc/avr/9.2.0/../../../../avr/lib/avr5/libc.a(dtostrf.o)
                              obj/usart.o (dtostrf)
/usr/lib/gcc/avr/9.2.0/../../../../avr/lib/avr5/libc.a(memcpy_P.o)
                              lib/DISPLAYS/SSD1306_AVR//libssd1306.a(ssd1306.o) (memcpy_P)
/usr/lib/gcc/avr/9.2.0/../../../../avr/lib/avr5/libc.a(memset.o)
                              lib/DISPLAYS/SSD1306_AVR//libssd1306.a(ssd1306.o) (memset)
/usr/lib/gcc/avr/9.2.0/../../../../avr/lib/avr5/libc.a(dtoa_prf.o)
                              /usr/lib/gcc/avr/9.2.0/../../../../avr/lib/avr5/libc.a(dtostrf.o) (dtoa_prf)
/usr/lib/gcc/avr/9.2.0/../../../../avr/lib/avr5/libc.a(ftoa_engine.o)
                              /usr/lib/gcc/avr/9.2.0/../../../../avr/lib/avr5/libc.a(dtoa_prf.o) (__ftoa_engine)
/usr/lib/gcc/avr/9.2.0/avr5/libgcc.a(_prologue.o)
                              /usr/lib/gcc/avr/9.2.0/../../../../avr/lib/avr5/libc.a(dtoa_prf.o) (__prologue_saves__)
/usr/lib/gcc/avr/9.2.0/avr5/libgcc.a(_epilogue.o)
                              /usr/lib/gcc/avr/9.2.0/../../../../avr/lib/avr5/libc.a(dtoa_prf.o) (__epilogue_restores__)

Allocating common symbols
Common symbol       size              file

led_clk_div         0x1               obj/machine.o
control_flags       0x3               obj/machine.o
LCD_X               0x1               lib/DISPLAYS/SSD1306_AVR//libssd1306.a(ssd1306.o)
clk                 0x1               obj/machine.o
state_machine       0x2               obj/machine.o
buzzer_clk_div      0x1               obj/machine.o
LCD_Y               0x1               lib/DISPLAYS/SSD1306_AVR//libssd1306.a(ssd1306.o)

Memory Configuration

Name             Origin             Length             Attributes
text             0x0000000000000000 0x0000000000020000 xr
data             0x0000000000800060 0x000000000000ffa0 rw !x
eeprom           0x0000000000810000 0x0000000000010000 rw !x
fuse             0x0000000000820000 0x0000000000000400 rw !x
lock             0x0000000000830000 0x0000000000000400 rw !x
signature        0x0000000000840000 0x0000000000000400 rw !x
user_signatures  0x0000000000850000 0x0000000000000400 rw !x
*default*        0x0000000000000000 0xffffffffffffffff

Linker script and memory map

Address of section .data set to 0x800100
LOAD /usr/lib/gcc/avr/9.2.0/../../../../avr/lib/avr5/crtatmega328p.o
LOAD obj/display.o
LOAD obj/machine.o
LOAD obj/usart.o
LOAD obj/main.o
LOAD lib/DISPLAYS/SSD1306_AVR//libssd1306.a
START GROUP
LOAD /usr/lib/gcc/avr/9.2.0/avr5/libgcc.a
LOAD /usr/lib/gcc/avr/9.2.0/../../../../avr/lib/avr5/libm.a
LOAD /usr/lib/gcc/avr/9.2.0/../../../../avr/lib/avr5/libc.a
LOAD /usr/lib/gcc/avr/9.2.0/../../../../avr/lib/avr5/libatmega328p.a
END GROUP
                0x0000000000020000                __TEXT_REGION_LENGTH__ = DEFINED (__TEXT_REGION_LENGTH__)?__TEXT_REGION_LENGTH__:0x20000
                0x000000000000ffa0                __DATA_REGION_LENGTH__ = DEFINED (__DATA_REGION_LENGTH__)?__DATA_REGION_LENGTH__:0xffa0
                0x0000000000010000                __EEPROM_REGION_LENGTH__ = DEFINED (__EEPROM_REGION_LENGTH__)?__EEPROM_REGION_LENGTH__:0x10000
                0x0000000000000400                __FUSE_REGION_LENGTH__ = DEFINED (__FUSE_REGION_LENGTH__)?__FUSE_REGION_LENGTH__:0x400
                0x0000000000000400                __LOCK_REGION_LENGTH__ = DEFINED (__LOCK_REGION_LENGTH__)?__LOCK_REGION_LENGTH__:0x400
                0x0000000000000400                __SIGNATURE_REGION_LENGTH__ = DEFINED (__SIGNATURE_REGION_LENGTH__)?__SIGNATURE_REGION_LENGTH__:0x400
                0x0000000000000400                __USER_SIGNATURE_REGION_LENGTH__ = DEFINED (__USER_SIGNATURE_REGION_LENGTH__)?__USER_SIGNATURE_REGION_LENGTH__:0x400

.hash
 *(.hash)

.dynsym
 *(.dynsym)

.dynstr
 *(.dynstr)

.gnu.version
 *(.gnu.version)

.gnu.version_d
 *(.gnu.version_d)

.gnu.version_r
 *(.gnu.version_r)

.rel.init
 *(.rel.init)

.rela.init
 *(.rela.init)

.rel.text
 *(.rel.text)
 *(.rel.text.*)
 *(.rel.gnu.linkonce.t*)

.rela.text
 *(.rela.text)
 *(.rela.text.*)
 *(.rela.gnu.linkonce.t*)

.rel.fini
 *(.rel.fini)

.rela.fini
 *(.rela.fini)

.rel.rodata
 *(.rel.rodata)
 *(.rel.rodata.*)
 *(.rel.gnu.linkonce.r*)

.rela.rodata
 *(.rela.rodata)
 *(.rela.rodata.*)
 *(.rela.gnu.linkonce.r*)

.rel.data
 *(.rel.data)
 *(.rel.data.*)
 *(.rel.gnu.linkonce.d*)

.rela.data
 *(.rela.data)
 *(.rela.data.*)
 *(.rela.gnu.linkonce.d*)

.rel.ctors
 *(.rel.ctors)

.rela.ctors
 *(.rela.ctors)

.rel.dtors
 *(.rel.dtors)

.rela.dtors
 *(.rela.dtors)

.rel.got
 *(.rel.got)

.rela.got
 *(.rela.got)

.rel.bss
 *(.rel.bss)

.rela.bss
 *(.rela.bss)

.rel.plt
 *(.rel.plt)

.rela.plt
 *(.rela.plt)

.text           0x0000000000000000     0x2c5a
 *(.vectors)
 .vectors       0x0000000000000000       0x68 /usr/lib/gcc/avr/9.2.0/../../../../avr/lib/avr5/crtatmega328p.o
                0x0000000000000000                __vectors
                0x0000000000000000                __vector_default
 *(.vectors)
 *(.progmem.gcc*)
                0x0000000000000068                . = ALIGN (0x2)
                0x0000000000000068                __trampolines_start = .
 *(.trampolines)
 .trampolines   0x0000000000000068        0x0 linker stubs
 *(.trampolines*)
                0x0000000000000068                __trampolines_end = .
 *libprintf_flt.a:*(.progmem.data)
 *libc.a:*(.progmem.data)
 .progmem.data  0x0000000000000068       0xfa /usr/lib/gcc/avr/9.2.0/../../../../avr/lib/avr5/libc.a(ftoa_engine.o)
 *(.progmem.*)
 .progmem.data  0x0000000000000162      0x792 obj/display.o
                0x00000000000008f4                . = ALIGN (0x2)
 *(.lowtext)
 *(.lowtext*)
                0x00000000000008f4                __ctors_start = .
 *(.ctors)
                0x00000000000008f4                __ctors_end = .
                0x00000000000008f4                __dtors_start = .
 *(.dtors)
                0x00000000000008f4                __dtors_end = .
 SORT_BY_NAME(*)(.ctors)
 SORT_BY_NAME(*)(.dtors)
 *(.init0)
 .init0         0x00000000000008f4        0x0 /usr/lib/gcc/avr/9.2.0/../../../../avr/lib/avr5/crtatmega328p.o
                0x00000000000008f4                __init
 *(.init0)
 *(.init1)
 *(.init1)
 *(.init2)
 .init2         0x00000000000008f4        0xc /usr/lib/gcc/avr/9.2.0/../../../../avr/lib/avr5/crtatmega328p.o
 *(.init2)
 *(.init3)
 *(.init3)
 *(.init4)
 .init4         0x0000000000000900       0x16 /usr/lib/gcc/avr/9.2.0/avr5/libgcc.a(_copy_data.o)
                0x0000000000000900                __do_copy_data
 .init4         0x0000000000000916       0x10 /usr/lib/gcc/avr/9.2.0/avr5/libgcc.a(_clear_bss.o)
                0x0000000000000916                __do_clear_bss
 *(.init4)
 *(.init5)
 *(.init5)
 *(.init6)
 *(.init6)
 *(.init7)
 *(.init7)
 *(.init8)
 *(.init8)
 *(.init9)
 .init9         0x0000000000000926        0x8 /usr/lib/gcc/avr/9.2.0/../../../../avr/lib/avr5/crtatmega328p.o
 *(.init9)
 *(.text)
 .text          0x000000000000092e        0x4 /usr/lib/gcc/avr/9.2.0/../../../../avr/lib/avr5/crtatmega328p.o
                0x000000000000092e                __vector_22
                0x000000000000092e                __vector_1
                0x000000000000092e                __vector_24
                0x000000000000092e                __vector_12
                0x000000000000092e                __bad_interrupt
                0x000000000000092e                __vector_6
                0x000000000000092e                __vector_3
                0x000000000000092e                __vector_23
                0x000000000000092e                __vector_25
                0x000000000000092e                __vector_11
                0x000000000000092e                __vector_13
                0x000000000000092e                __vector_17
                0x000000000000092e                __vector_19
                0x000000000000092e                __vector_5
                0x000000000000092e                __vector_4
                0x000000000000092e                __vector_9
                0x000000000000092e                __vector_2
                0x000000000000092e                __vector_21
                0x000000000000092e                __vector_15
                0x000000000000092e                __vector_8
                0x000000000000092e                __vector_14
                0x000000000000092e                __vector_10
                0x000000000000092e                __vector_16
                0x000000000000092e                __vector_18
                0x000000000000092e                __vector_20
 .text          0x0000000000000932       0x8a obj/display.o
                0x0000000000000932                display_test
                0x0000000000000986                display_init
                0x000000000000098e                display_send_string
                0x00000000000009ba                display_status
 .text          0x00000000000009bc       0xc0 obj/machine.o
                0x00000000000009bc                machine_init
                0x00000000000009e4                task_idle
                0x0000000000000a2a                task_running
                0x0000000000000a48                machine_run
                0x0000000000000a70                __vector_7
 .text          0x0000000000000a7c      0x394 obj/usart.o
                0x0000000000000a7c                usart_send_char
                0x0000000000000a8a                usart_receive_char
                0x0000000000000a98                usart_send_string
                0x0000000000000abe                usart_send_uint8
                0x0000000000000afc                usart_send_int8
                0x0000000000000b40                usart_send_uint16
                0x0000000000000bac                usart_send_int16
                0x0000000000000c2e                usart_send_uint32
                0x0000000000000cc4                usart_send_int32
                0x0000000000000d72                usart_send_buffer
                0x0000000000000d9a                usart_send_float
                0x0000000000000dec                usart_init
 .text          0x0000000000000e10        0x0 obj/main.o
 .text          0x0000000000000e10     0x16ca lib/DISPLAYS/SSD1306_AVR//libssd1306.a(ssd1306.o)
                0x0000000000000e70                LCD_Contrast
                0x0000000000000ea2                LCD_ON
                0x0000000000000eba                LCD_OFF
                0x0000000000000ed2                LCD_UpdateScreen
                0x0000000000000fa8                LCD_Mode
                0x0000000000000fbc                LCD_Sleep
                0x0000000000000fd0                LCD_ToggleInvert
                0x0000000000000ff6                LCD_Fill
                0x000000000000100e                SSD1306_Init
                0x0000000000001100                LCD_Pixel
                0x0000000000001162                LCD_Line
                0x0000000000001356                LCD_Rect
                0x00000000000013fe                LCD_Rect_Fill
                0x0000000000001494                LCD_Triangle
                0x00000000000014fe                LCD_Triangle_Fill
                0x0000000000001674                LCD_Ellipse
                0x0000000000001b80                LCD_Circle
                0x0000000000001d4c                LCD_Circle_Helper
                0x0000000000001e92                LCD_Rect_Round
                0x0000000000001f7a                LCD_Circle_Fill_Helper
                0x00000000000020d0                LCD_Rect_Round_Fill
                0x000000000000216c                LCD_Char
                0x000000000000230e                LCD_Font
                0x0000000000002422                LCD_Battery
 .text          0x00000000000024da       0x4e lib/DISPLAYS/SSD1306_AVR//libssd1306.a(twi.o)
                0x00000000000024da                TWI_Init
                0x00000000000024e6                TWI_Start
                0x00000000000024f6                TWI_Stop
                0x00000000000024fe                TWI_SendByte
                0x0000000000002512                TWI_SendAddress
 .text          0x0000000000002528        0x0 /usr/lib/gcc/avr/9.2.0/avr5/libgcc.a(_udivmodqi4.o)
 .text          0x0000000000002528        0x0 /usr/lib/gcc/avr/9.2.0/avr5/libgcc.a(_divmodqi4.o)
 .text          0x0000000000002528        0x0 /usr/lib/gcc/avr/9.2.0/avr5/libgcc.a(_udivmodhi4.o)
 .text          0x0000000000002528        0x0 /usr/lib/gcc/avr/9.2.0/avr5/libgcc.a(_divmodhi4.o)
 .text          0x0000000000002528        0x0 /usr/lib/gcc/avr/9.2.0/avr5/libgcc.a(_udivmodsi4.o)
 .text          0x0000000000002528        0x0 /usr/lib/gcc/avr/9.2.0/avr5/libgcc.a(_divmodsi4.o)
 .text          0x0000000000002528        0x0 /usr/lib/gcc/avr/9.2.0/avr5/libgcc.a(_negsi2.o)
 .text          0x0000000000002528        0x0 /usr/lib/gcc/avr/9.2.0/avr5/libgcc.a(_exit.o)
 .text          0x0000000000002528        0x0 /usr/lib/gcc/avr/9.2.0/avr5/libgcc.a(_copy_data.o)
 .text          0x0000000000002528        0x0 /usr/lib/gcc/avr/9.2.0/avr5/libgcc.a(_clear_bss.o)
 .text          0x0000000000002528        0x0 /usr/lib/gcc/avr/9.2.0/avr5/libgcc.a(_mulhisi3.o)
 .text          0x0000000000002528        0x0 /usr/lib/gcc/avr/9.2.0/avr5/libgcc.a(_umulhisi3.o)
 .text          0x0000000000002528        0x0 /usr/lib/gcc/avr/9.2.0/avr5/libgcc.a(_usmulhisi3.o)
 .text          0x0000000000002528        0x0 /usr/lib/gcc/avr/9.2.0/avr5/libgcc.a(_mulshisi3.o)
 .text          0x0000000000002528        0x0 /usr/lib/gcc/avr/9.2.0/avr5/libgcc.a(_muluhisi3.o)
 .text          0x0000000000002528        0x0 /usr/lib/gcc/avr/9.2.0/../../../../avr/lib/avr5/libc.a(dtostrf.o)
 .text          0x0000000000002528        0x0 /usr/lib/gcc/avr/9.2.0/../../../../avr/lib/avr5/libc.a(memcpy_P.o)
 .text          0x0000000000002528        0x0 /usr/lib/gcc/avr/9.2.0/../../../../avr/lib/avr5/libc.a(memset.o)
 .text          0x0000000000002528        0x0 /usr/lib/gcc/avr/9.2.0/../../../../avr/lib/avr5/libc.a(dtoa_prf.o)
 .text          0x0000000000002528        0x0 /usr/lib/gcc/avr/9.2.0/../../../../avr/lib/avr5/libc.a(ftoa_engine.o)
 .text          0x0000000000002528        0x0 /usr/lib/gcc/avr/9.2.0/avr5/libgcc.a(_prologue.o)
 .text          0x0000000000002528        0x0 /usr/lib/gcc/avr/9.2.0/avr5/libgcc.a(_epilogue.o)
                0x0000000000002528                . = ALIGN (0x2)
 *(.text.*)
 .text.startup  0x0000000000002528       0x88 obj/main.o
                0x0000000000002528                main
 .text.libgcc.mul
                0x00000000000025b0        0x0 /usr/lib/gcc/avr/9.2.0/avr5/libgcc.a(_udivmodqi4.o)
 .text.libgcc.div
                0x00000000000025b0       0x18 /usr/lib/gcc/avr/9.2.0/avr5/libgcc.a(_udivmodqi4.o)
                0x00000000000025b0                __udivmodqi4
 .text.libgcc   0x00000000000025c8        0x0 /usr/lib/gcc/avr/9.2.0/avr5/libgcc.a(_udivmodqi4.o)
 .text.libgcc.prologue
                0x00000000000025c8        0x0 /usr/lib/gcc/avr/9.2.0/avr5/libgcc.a(_udivmodqi4.o)
 .text.libgcc.builtins
                0x00000000000025c8        0x0 /usr/lib/gcc/avr/9.2.0/avr5/libgcc.a(_udivmodqi4.o)
 .text.libgcc.fmul
                0x00000000000025c8        0x0 /usr/lib/gcc/avr/9.2.0/avr5/libgcc.a(_udivmodqi4.o)
 .text.libgcc.fixed
                0x00000000000025c8        0x0 /usr/lib/gcc/avr/9.2.0/avr5/libgcc.a(_udivmodqi4.o)
 .text.libgcc.mul
                0x00000000000025c8        0x0 /usr/lib/gcc/avr/9.2.0/avr5/libgcc.a(_divmodqi4.o)
 .text.libgcc.div
                0x00000000000025c8       0x1c /usr/lib/gcc/avr/9.2.0/avr5/libgcc.a(_divmodqi4.o)
                0x00000000000025c8                __divmodqi4
 .text.libgcc   0x00000000000025e4        0x0 /usr/lib/gcc/avr/9.2.0/avr5/libgcc.a(_divmodqi4.o)
 .text.libgcc.prologue
                0x00000000000025e4        0x0 /usr/lib/gcc/avr/9.2.0/avr5/libgcc.a(_divmodqi4.o)
 .text.libgcc.builtins
                0x00000000000025e4        0x0 /usr/lib/gcc/avr/9.2.0/avr5/libgcc.a(_divmodqi4.o)
 .text.libgcc.fmul
                0x00000000000025e4        0x0 /usr/lib/gcc/avr/9.2.0/avr5/libgcc.a(_divmodqi4.o)
 .text.libgcc.fixed
                0x00000000000025e4        0x0 /usr/lib/gcc/avr/9.2.0/avr5/libgcc.a(_divmodqi4.o)
 .text.libgcc.mul
                0x00000000000025e4        0x0 /usr/lib/gcc/avr/9.2.0/avr5/libgcc.a(_udivmodhi4.o)
 .text.libgcc.div
                0x00000000000025e4       0x28 /usr/lib/gcc/avr/9.2.0/avr5/libgcc.a(_udivmodhi4.o)
                0x00000000000025e4                __udivmodhi4
 .text.libgcc   0x000000000000260c        0x0 /usr/lib/gcc/avr/9.2.0/avr5/libgcc.a(_udivmodhi4.o)
 .text.libgcc.prologue
                0x000000000000260c        0x0 /usr/lib/gcc/avr/9.2.0/avr5/libgcc.a(_udivmodhi4.o)
 .text.libgcc.builtins
                0x000000000000260c        0x0 /usr/lib/gcc/avr/9.2.0/avr5/libgcc.a(_udivmodhi4.o)
 .text.libgcc.fmul
                0x000000000000260c        0x0 /usr/lib/gcc/avr/9.2.0/avr5/libgcc.a(_udivmodhi4.o)
 .text.libgcc.fixed
                0x000000000000260c        0x0 /usr/lib/gcc/avr/9.2.0/avr5/libgcc.a(_udivmodhi4.o)
 .text.libgcc.mul
                0x000000000000260c        0x0 /usr/lib/gcc/avr/9.2.0/avr5/libgcc.a(_divmodhi4.o)
 .text.libgcc.div
                0x000000000000260c       0x28 /usr/lib/gcc/avr/9.2.0/avr5/libgcc.a(_divmodhi4.o)
                0x000000000000260c                __divmodhi4
                0x000000000000260c                _div
 .text.libgcc   0x0000000000002634        0x0 /usr/lib/gcc/avr/9.2.0/avr5/libgcc.a(_divmodhi4.o)
 .text.libgcc.prologue
                0x0000000000002634        0x0 /usr/lib/gcc/avr/9.2.0/avr5/libgcc.a(_divmodhi4.o)
 .text.libgcc.builtins
                0x0000000000002634        0x0 /usr/lib/gcc/avr/9.2.0/avr5/libgcc.a(_divmodhi4.o)
 .text.libgcc.fmul
                0x0000000000002634        0x0 /usr/lib/gcc/avr/9.2.0/avr5/libgcc.a(_divmodhi4.o)
 .text.libgcc.fixed
                0x0000000000002634        0x0 /usr/lib/gcc/avr/9.2.0/avr5/libgcc.a(_divmodhi4.o)
 .text.libgcc.mul
                0x0000000000002634        0x0 /usr/lib/gcc/avr/9.2.0/avr5/libgcc.a(_udivmodsi4.o)
 .text.libgcc.div
                0x0000000000002634       0x44 /usr/lib/gcc/avr/9.2.0/avr5/libgcc.a(_udivmodsi4.o)
                0x0000000000002634                __udivmodsi4
 .text.libgcc   0x0000000000002678        0x0 /usr/lib/gcc/avr/9.2.0/avr5/libgcc.a(_udivmodsi4.o)
 .text.libgcc.prologue
                0x0000000000002678        0x0 /usr/lib/gcc/avr/9.2.0/avr5/libgcc.a(_udivmodsi4.o)
 .text.libgcc.builtins
                0x0000000000002678        0x0 /usr/lib/gcc/avr/9.2.0/avr5/libgcc.a(_udivmodsi4.o)
 .text.libgcc.fmul
                0x0000000000002678        0x0 /usr/lib/gcc/avr/9.2.0/avr5/libgcc.a(_udivmodsi4.o)
 .text.libgcc.fixed
                0x0000000000002678        0x0 /usr/lib/gcc/avr/9.2.0/avr5/libgcc.a(_udivmodsi4.o)
 .text.libgcc.mul
                0x0000000000002678        0x0 /usr/lib/gcc/avr/9.2.0/avr5/libgcc.a(_divmodsi4.o)
 .text.libgcc.div
                0x0000000000002678       0x2e /usr/lib/gcc/avr/9.2.0/avr5/libgcc.a(_divmodsi4.o)
                0x0000000000002678                __divmodsi4
 .text.libgcc   0x00000000000026a6        0x0 /usr/lib/gcc/avr/9.2.0/avr5/libgcc.a(_divmodsi4.o)
 .text.libgcc.prologue
                0x00000000000026a6        0x0 /usr/lib/gcc/avr/9.2.0/avr5/libgcc.a(_divmodsi4.o)
 .text.libgcc.builtins
                0x00000000000026a6        0x0 /usr/lib/gcc/avr/9.2.0/avr5/libgcc.a(_divmodsi4.o)
 .text.libgcc.fmul
                0x00000000000026a6        0x0 /usr/lib/gcc/avr/9.2.0/avr5/libgcc.a(_divmodsi4.o)
 .text.libgcc.fixed
                0x00000000000026a6        0x0 /usr/lib/gcc/avr/9.2.0/avr5/libgcc.a(_divmodsi4.o)
 .text.libgcc.mul
                0x00000000000026a6        0x0 /usr/lib/gcc/avr/9.2.0/avr5/libgcc.a(_negsi2.o)
 .text.libgcc.div
                0x00000000000026a6       0x10 /usr/lib/gcc/avr/9.2.0/avr5/libgcc.a(_negsi2.o)
                0x00000000000026a6                __negsi2
 .text.libgcc   0x00000000000026b6        0x0 /usr/lib/gcc/avr/9.2.0/avr5/libgcc.a(_negsi2.o)
 .text.libgcc.prologue
                0x00000000000026b6        0x0 /usr/lib/gcc/avr/9.2.0/avr5/libgcc.a(_negsi2.o)
 .text.libgcc.builtins
                0x00000000000026b6        0x0 /usr/lib/gcc/avr/9.2.0/avr5/libgcc.a(_negsi2.o)
 .text.libgcc.fmul
                0x00000000000026b6        0x0 /usr/lib/gcc/avr/9.2.0/avr5/libgcc.a(_negsi2.o)
 .text.libgcc.fixed
                0x00000000000026b6        0x0 /usr/lib/gcc/avr/9.2.0/avr5/libgcc.a(_negsi2.o)
 .text.libgcc.mul
                0x00000000000026b6        0x0 /usr/lib/gcc/avr/9.2.0/avr5/libgcc.a(_exit.o)
 .text.libgcc.div
                0x00000000000026b6        0x0 /usr/lib/gcc/avr/9.2.0/avr5/libgcc.a(_exit.o)
 .text.libgcc   0x00000000000026b6        0x0 /usr/lib/gcc/avr/9.2.0/avr5/libgcc.a(_exit.o)
 .text.libgcc.prologue
                0x00000000000026b6        0x0 /usr/lib/gcc/avr/9.2.0/avr5/libgcc.a(_exit.o)
 .text.libgcc.builtins
                0x00000000000026b6        0x0 /usr/lib/gcc/avr/9.2.0/avr5/libgcc.a(_exit.o)
 .text.libgcc.fmul
                0x00000000000026b6        0x0 /usr/lib/gcc/avr/9.2.0/avr5/libgcc.a(_exit.o)
 .text.libgcc.fixed
                0x00000000000026b6        0x0 /usr/lib/gcc/avr/9.2.0/avr5/libgcc.a(_exit.o)
 .text.libgcc.mul
                0x00000000000026b6        0x0 /usr/lib/gcc/avr/9.2.0/avr5/libgcc.a(_copy_data.o)
 .text.libgcc.div
                0x00000000000026b6        0x0 /usr/lib/gcc/avr/9.2.0/avr5/libgcc.a(_copy_data.o)
 .text.libgcc   0x00000000000026b6        0x0 /usr/lib/gcc/avr/9.2.0/avr5/libgcc.a(_copy_data.o)
 .text.libgcc.prologue
                0x00000000000026b6        0x0 /usr/lib/gcc/avr/9.2.0/avr5/libgcc.a(_copy_data.o)
 .text.libgcc.builtins
                0x00000000000026b6        0x0 /usr/lib/gcc/avr/9.2.0/avr5/libgcc.a(_copy_data.o)
 .text.libgcc.fmul
                0x00000000000026b6        0x0 /usr/lib/gcc/avr/9.2.0/avr5/libgcc.a(_copy_data.o)
 .text.libgcc.fixed
                0x00000000000026b6        0x0 /usr/lib/gcc/avr/9.2.0/avr5/libgcc.a(_copy_data.o)
 .text.libgcc.mul
                0x00000000000026b6        0x0 /usr/lib/gcc/avr/9.2.0/avr5/libgcc.a(_clear_bss.o)
 .text.libgcc.div
                0x00000000000026b6        0x0 /usr/lib/gcc/avr/9.2.0/avr5/libgcc.a(_clear_bss.o)
 .text.libgcc   0x00000000000026b6        0x0 /usr/lib/gcc/avr/9.2.0/avr5/libgcc.a(_clear_bss.o)
 .text.libgcc.prologue
                0x00000000000026b6        0x0 /usr/lib/gcc/avr/9.2.0/avr5/libgcc.a(_clear_bss.o)
 .text.libgcc.builtins
                0x00000000000026b6        0x0 /usr/lib/gcc/avr/9.2.0/avr5/libgcc.a(_clear_bss.o)
 .text.libgcc.fmul
                0x00000000000026b6        0x0 /usr/lib/gcc/avr/9.2.0/avr5/libgcc.a(_clear_bss.o)
 .text.libgcc.fixed
                0x00000000000026b6        0x0 /usr/lib/gcc/avr/9.2.0/avr5/libgcc.a(_clear_bss.o)
 .text.libgcc.mul
                0x00000000000026b6       0x10 /usr/lib/gcc/avr/9.2.0/avr5/libgcc.a(_mulhisi3.o)
                0x00000000000026b6                __mulhisi3
 .text.libgcc.div
                0x00000000000026c6        0x0 /usr/lib/gcc/avr/9.2.0/avr5/libgcc.a(_mulhisi3.o)
 .text.libgcc   0x00000000000026c6        0x0 /usr/lib/gcc/avr/9.2.0/avr5/libgcc.a(_mulhisi3.o)
 .text.libgcc.prologue
                0x00000000000026c6        0x0 /usr/lib/gcc/avr/9.2.0/avr5/libgcc.a(_mulhisi3.o)
 .text.libgcc.builtins
                0x00000000000026c6        0x0 /usr/lib/gcc/avr/9.2.0/avr5/libgcc.a(_mulhisi3.o)
 .text.libgcc.fmul
                0x00000000000026c6        0x0 /usr/lib/gcc/avr/9.2.0/avr5/libgcc.a(_mulhisi3.o)
 .text.libgcc.fixed
                0x00000000000026c6        0x0 /usr/lib/gcc/avr/9.2.0/avr5/libgcc.a(_mulhisi3.o)
 .text.libgcc.mul
                0x00000000000026c6       0x1e /usr/lib/gcc/avr/9.2.0/avr5/libgcc.a(_umulhisi3.o)
                0x00000000000026c6                __umulhisi3
 .text.libgcc.div
                0x00000000000026e4        0x0 /usr/lib/gcc/avr/9.2.0/avr5/libgcc.a(_umulhisi3.o)
 .text.libgcc   0x00000000000026e4        0x0 /usr/lib/gcc/avr/9.2.0/avr5/libgcc.a(_umulhisi3.o)
 .text.libgcc.prologue
                0x00000000000026e4        0x0 /usr/lib/gcc/avr/9.2.0/avr5/libgcc.a(_umulhisi3.o)
 .text.libgcc.builtins
                0x00000000000026e4        0x0 /usr/lib/gcc/avr/9.2.0/avr5/libgcc.a(_umulhisi3.o)
 .text.libgcc.fmul
                0x00000000000026e4        0x0 /usr/lib/gcc/avr/9.2.0/avr5/libgcc.a(_umulhisi3.o)
 .text.libgcc.fixed
                0x00000000000026e4        0x0 /usr/lib/gcc/avr/9.2.0/avr5/libgcc.a(_umulhisi3.o)
 .text.libgcc.mul
                0x00000000000026e4        0xe /usr/lib/gcc/avr/9.2.0/avr5/libgcc.a(_usmulhisi3.o)
                0x00000000000026e4                __usmulhisi3
                0x00000000000026e8                __usmulhisi3_tail
 .text.libgcc.div
                0x00000000000026f2        0x0 /usr/lib/gcc/avr/9.2.0/avr5/libgcc.a(_usmulhisi3.o)
 .text.libgcc   0x00000000000026f2        0x0 /usr/lib/gcc/avr/9.2.0/avr5/libgcc.a(_usmulhisi3.o)
 .text.libgcc.prologue
                0x00000000000026f2        0x0 /usr/lib/gcc/avr/9.2.0/avr5/libgcc.a(_usmulhisi3.o)
 .text.libgcc.builtins
                0x00000000000026f2        0x0 /usr/lib/gcc/avr/9.2.0/avr5/libgcc.a(_usmulhisi3.o)
 .text.libgcc.fmul
                0x00000000000026f2        0x0 /usr/lib/gcc/avr/9.2.0/avr5/libgcc.a(_usmulhisi3.o)
 .text.libgcc.fixed
                0x00000000000026f2        0x0 /usr/lib/gcc/avr/9.2.0/avr5/libgcc.a(_usmulhisi3.o)
 .text.libgcc.mul
                0x00000000000026f2       0x10 /usr/lib/gcc/avr/9.2.0/avr5/libgcc.a(_mulshisi3.o)
                0x00000000000026f2                __mulshisi3
                0x00000000000026f8                __mulohisi3
 .text.libgcc.div
                0x0000000000002702        0x0 /usr/lib/gcc/avr/9.2.0/avr5/libgcc.a(_mulshisi3.o)
 .text.libgcc   0x0000000000002702        0x0 /usr/lib/gcc/avr/9.2.0/avr5/libgcc.a(_mulshisi3.o)
 .text.libgcc.prologue
                0x0000000000002702        0x0 /usr/lib/gcc/avr/9.2.0/avr5/libgcc.a(_mulshisi3.o)
 .text.libgcc.builtins
                0x0000000000002702        0x0 /usr/lib/gcc/avr/9.2.0/avr5/libgcc.a(_mulshisi3.o)
 .text.libgcc.fmul
                0x0000000000002702        0x0 /usr/lib/gcc/avr/9.2.0/avr5/libgcc.a(_mulshisi3.o)
 .text.libgcc.fixed
                0x0000000000002702        0x0 /usr/lib/gcc/avr/9.2.0/avr5/libgcc.a(_mulshisi3.o)
 .text.libgcc.mul
                0x0000000000002702       0x16 /usr/lib/gcc/avr/9.2.0/avr5/libgcc.a(_muluhisi3.o)
                0x0000000000002702                __muluhisi3
 .text.libgcc.div
                0x0000000000002718        0x0 /usr/lib/gcc/avr/9.2.0/avr5/libgcc.a(_muluhisi3.o)
 .text.libgcc   0x0000000000002718        0x0 /usr/lib/gcc/avr/9.2.0/avr5/libgcc.a(_muluhisi3.o)
 .text.libgcc.prologue
                0x0000000000002718        0x0 /usr/lib/gcc/avr/9.2.0/avr5/libgcc.a(_muluhisi3.o)
 .text.libgcc.builtins
                0x0000000000002718        0x0 /usr/lib/gcc/avr/9.2.0/avr5/libgcc.a(_muluhisi3.o)
 .text.libgcc.fmul
                0x0000000000002718        0x0 /usr/lib/gcc/avr/9.2.0/avr5/libgcc.a(_muluhisi3.o)
 .text.libgcc.fixed
                0x0000000000002718        0x0 /usr/lib/gcc/avr/9.2.0/avr5/libgcc.a(_muluhisi3.o)
 .text.avr-libc
                0x0000000000002718       0x3c /usr/lib/gcc/avr/9.2.0/../../../../avr/lib/avr5/libc.a(dtostrf.o)
                0x0000000000002718                dtostrf
 .text.avr-libc
                0x0000000000002754       0x12 /usr/lib/gcc/avr/9.2.0/../../../../avr/lib/avr5/libc.a(memcpy_P.o)
                0x0000000000002754                memcpy_P
 .text.avr-libc
                0x0000000000002766        0xe /usr/lib/gcc/avr/9.2.0/../../../../avr/lib/avr5/libc.a(memset.o)
                0x0000000000002766                memset
 .text.avr-libc
                0x0000000000002774      0x2c4 /usr/lib/gcc/avr/9.2.0/../../../../avr/lib/avr5/libc.a(dtoa_prf.o)
                0x0000000000002774                dtoa_prf
 .text.avr-libc
                0x0000000000002a38      0x1b0 /usr/lib/gcc/avr/9.2.0/../../../../avr/lib/avr5/libc.a(ftoa_engine.o)
                0x0000000000002a38                __ftoa_engine
 .text.libgcc.mul
                0x0000000000002be8        0x0 /usr/lib/gcc/avr/9.2.0/avr5/libgcc.a(_prologue.o)
 .text.libgcc.div
                0x0000000000002be8        0x0 /usr/lib/gcc/avr/9.2.0/avr5/libgcc.a(_prologue.o)
 .text.libgcc   0x0000000000002be8        0x0 /usr/lib/gcc/avr/9.2.0/avr5/libgcc.a(_prologue.o)
 .text.libgcc.prologue
                0x0000000000002be8       0x38 /usr/lib/gcc/avr/9.2.0/avr5/libgcc.a(_prologue.o)
                0x0000000000002be8                __prologue_saves__
 .text.libgcc.builtins
                0x0000000000002c20        0x0 /usr/lib/gcc/avr/9.2.0/avr5/libgcc.a(_prologue.o)
 .text.libgcc.fmul
                0x0000000000002c20        0x0 /usr/lib/gcc/avr/9.2.0/avr5/libgcc.a(_prologue.o)
 .text.libgcc.fixed
                0x0000000000002c20        0x0 /usr/lib/gcc/avr/9.2.0/avr5/libgcc.a(_prologue.o)
 .text.libgcc.mul
                0x0000000000002c20        0x0 /usr/lib/gcc/avr/9.2.0/avr5/libgcc.a(_epilogue.o)
 .text.libgcc.div
                0x0000000000002c20        0x0 /usr/lib/gcc/avr/9.2.0/avr5/libgcc.a(_epilogue.o)
 .text.libgcc   0x0000000000002c20        0x0 /usr/lib/gcc/avr/9.2.0/avr5/libgcc.a(_epilogue.o)
 .text.libgcc.prologue
                0x0000000000002c20       0x36 /usr/lib/gcc/avr/9.2.0/avr5/libgcc.a(_epilogue.o)
                0x0000000000002c20                __epilogue_restores__
 .text.libgcc.builtins
                0x0000000000002c56        0x0 /usr/lib/gcc/avr/9.2.0/avr5/libgcc.a(_epilogue.o)
 .text.libgcc.fmul
                0x0000000000002c56        0x0 /usr/lib/gcc/avr/9.2.0/avr5/libgcc.a(_epilogue.o)
 .text.libgcc.fixed
                0x0000000000002c56        0x0 /usr/lib/gcc/avr/9.2.0/avr5/libgcc.a(_epilogue.o)
                0x0000000000002c56                . = ALIGN (0x2)
 *(.fini9)
 .fini9         0x0000000000002c56        0x0 /usr/lib/gcc/avr/9.2.0/avr5/libgcc.a(_exit.o)
                0x0000000000002c56                exit
                0x0000000000002c56                _exit
 *(.fini9)
 *(.fini8)
 *(.fini8)
 *(.fini7)
 *(.fini7)
 *(.fini6)
 *(.fini6)
 *(.fini5)
 *(.fini5)
 *(.fini4)
 *(.fini4)
 *(.fini3)
 *(.fini3)
 *(.fini2)
 *(.fini2)
 *(.fini1)
 *(.fini1)
 *(.fini0)
 .fini0         0x0000000000002c56        0x4 /usr/lib/gcc/avr/9.2.0/avr5/libgcc.a(_exit.o)
 *(.fini0)
 *(.hightext)
 *(.hightext*)
 *(.progmemx.*)
                0x0000000000002c5a                . = ALIGN (0x2)
 *(.jumptables)
 *(.jumptables*)
                0x0000000000002c5a                _etext = .

.data           0x0000000000800100       0x86 load address 0x0000000000002c5a
                0x0000000000800100                PROVIDE (__data_start = .)
 *(.data)
 .data          0x0000000000800100        0x0 /usr/lib/gcc/avr/9.2.0/../../../../avr/lib/avr5/crtatmega328p.o
 .data          0x0000000000800100        0x0 obj/display.o
 .data          0x0000000000800100        0x0 obj/machine.o
 .data          0x0000000000800100        0x0 obj/usart.o
 .data          0x0000000000800100        0x0 obj/main.o
 .data          0x0000000000800100        0x0 lib/DISPLAYS/SSD1306_AVR//libssd1306.a(ssd1306.o)
 .data          0x0000000000800100        0x0 lib/DISPLAYS/SSD1306_AVR//libssd1306.a(twi.o)
 .data          0x0000000000800100        0x0 /usr/lib/gcc/avr/9.2.0/avr5/libgcc.a(_udivmodqi4.o)
 .data          0x0000000000800100        0x0 /usr/lib/gcc/avr/9.2.0/avr5/libgcc.a(_divmodqi4.o)
 .data          0x0000000000800100        0x0 /usr/lib/gcc/avr/9.2.0/avr5/libgcc.a(_udivmodhi4.o)
 .data          0x0000000000800100        0x0 /usr/lib/gcc/avr/9.2.0/avr5/libgcc.a(_divmodhi4.o)
 .data          0x0000000000800100        0x0 /usr/lib/gcc/avr/9.2.0/avr5/libgcc.a(_udivmodsi4.o)
 .data          0x0000000000800100        0x0 /usr/lib/gcc/avr/9.2.0/avr5/libgcc.a(_divmodsi4.o)
 .data          0x0000000000800100        0x0 /usr/lib/gcc/avr/9.2.0/avr5/libgcc.a(_negsi2.o)
 .data          0x0000000000800100        0x0 /usr/lib/gcc/avr/9.2.0/avr5/libgcc.a(_exit.o)
 .data          0x0000000000800100        0x0 /usr/lib/gcc/avr/9.2.0/avr5/libgcc.a(_copy_data.o)
 .data          0x0000000000800100        0x0 /usr/lib/gcc/avr/9.2.0/avr5/libgcc.a(_clear_bss.o)
 .data          0x0000000000800100        0x0 /usr/lib/gcc/avr/9.2.0/avr5/libgcc.a(_mulhisi3.o)
 .data          0x0000000000800100        0x0 /usr/lib/gcc/avr/9.2.0/avr5/libgcc.a(_umulhisi3.o)
 .data          0x0000000000800100        0x0 /usr/lib/gcc/avr/9.2.0/avr5/libgcc.a(_usmulhisi3.o)
 .data          0x0000000000800100        0x0 /usr/lib/gcc/avr/9.2.0/avr5/libgcc.a(_mulshisi3.o)
 .data          0x0000000000800100        0x0 /usr/lib/gcc/avr/9.2.0/avr5/libgcc.a(_muluhisi3.o)
 .data          0x0000000000800100        0x0 /usr/lib/gcc/avr/9.2.0/../../../../avr/lib/avr5/libc.a(dtostrf.o)
 .data          0x0000000000800100        0x0 /usr/lib/gcc/avr/9.2.0/../../../../avr/lib/avr5/libc.a(memcpy_P.o)
 .data          0x0000000000800100        0x0 /usr/lib/gcc/avr/9.2.0/../../../../avr/lib/avr5/libc.a(memset.o)
 .data          0x0000000000800100        0x0 /usr/lib/gcc/avr/9.2.0/../../../../avr/lib/avr5/libc.a(dtoa_prf.o)
 .data          0x0000000000800100        0x0 /usr/lib/gcc/avr/9.2.0/../../../../avr/lib/avr5/libc.a(ftoa_engine.o)
 .data          0x0000000000800100        0x0 /usr/lib/gcc/avr/9.2.0/avr5/libgcc.a(_prologue.o)
 .data          0x0000000000800100        0x0 /usr/lib/gcc/avr/9.2.0/avr5/libgcc.a(_epilogue.o)
 *(.data*)
 *(.gnu.linkonce.d*)
 *(.rodata)
 *(.rodata*)
 .rodata.str1.1
                0x0000000000800100        0xc obj/display.o
 .rodata.str1.1
                0x000000000080010c       0x79 obj/main.o
                                         0x7e (size before relaxing)
 *(.gnu.linkonce.r*)
                0x0000000000800186                . = ALIGN (0x2)
 *fill*         0x0000000000800185        0x1 
                0x0000000000800186                _edata = .
                0x0000000000800186                PROVIDE (__data_end = .)

.bss            0x0000000000800186      0x419
                0x0000000000800186                PROVIDE (__bss_start = .)
 *(.bss)
 .bss           0x0000000000800186        0x0 /usr/lib/gcc/avr/9.2.0/../../../../avr/lib/avr5/crtatmega328p.o
 .bss           0x0000000000800186        0x0 obj/display.o
 .bss           0x0000000000800186        0x1 obj/machine.o
 .bss           0x0000000000800187        0x0 obj/usart.o
 .bss           0x0000000000800187        0x0 obj/main.o
 .bss           0x0000000000800187      0x40e lib/DISPLAYS/SSD1306_AVR//libssd1306.a(ssd1306.o)
 .bss           0x0000000000800595        0x0 lib/DISPLAYS/SSD1306_AVR//libssd1306.a(twi.o)
 .bss           0x0000000000800595        0x0 /usr/lib/gcc/avr/9.2.0/avr5/libgcc.a(_udivmodqi4.o)
 .bss           0x0000000000800595        0x0 /usr/lib/gcc/avr/9.2.0/avr5/libgcc.a(_divmodqi4.o)
 .bss           0x0000000000800595        0x0 /usr/lib/gcc/avr/9.2.0/avr5/libgcc.a(_udivmodhi4.o)
 .bss           0x0000000000800595        0x0 /usr/lib/gcc/avr/9.2.0/avr5/libgcc.a(_divmodhi4.o)
 .bss           0x0000000000800595        0x0 /usr/lib/gcc/avr/9.2.0/avr5/libgcc.a(_udivmodsi4.o)
 .bss           0x0000000000800595        0x0 /usr/lib/gcc/avr/9.2.0/avr5/libgcc.a(_divmodsi4.o)
 .bss           0x0000000000800595        0x0 /usr/lib/gcc/avr/9.2.0/avr5/libgcc.a(_negsi2.o)
 .bss           0x0000000000800595        0x0 /usr/lib/gcc/avr/9.2.0/avr5/libgcc.a(_exit.o)
 .bss           0x0000000000800595        0x0 /usr/lib/gcc/avr/9.2.0/avr5/libgcc.a(_copy_data.o)
 .bss           0x0000000000800595        0x0 /usr/lib/gcc/avr/9.2.0/avr5/libgcc.a(_clear_bss.o)
 .bss           0x0000000000800595        0x0 /usr/lib/gcc/avr/9.2.0/avr5/libgcc.a(_mulhisi3.o)
 .bss           0x0000000000800595        0x0 /usr/lib/gcc/avr/9.2.0/avr5/libgcc.a(_umulhisi3.o)
 .bss           0x0000000000800595        0x0 /usr/lib/gcc/avr/9.2.0/avr5/libgcc.a(_usmulhisi3.o)
 .bss           0x0000000000800595        0x0 /usr/lib/gcc/avr/9.2.0/avr5/libgcc.a(_mulshisi3.o)
 .bss           0x0000000000800595        0x0 /usr/lib/gcc/avr/9.2.0/avr5/libgcc.a(_muluhisi3.o)
 .bss           0x0000000000800595        0x0 /usr/lib/gcc/avr/9.2.0/../../../../avr/lib/avr5/libc.a(dtostrf.o)
 .bss           0x0000000000800595        0x0 /usr/lib/gcc/avr/9.2.0/../../../../avr/lib/avr5/libc.a(memcpy_P.o)
 .bss           0x0000000000800595        0x0 /usr/lib/gcc/avr/9.2.0/../../../../avr/lib/avr5/libc.a(memset.o)
 .bss           0x0000000000800595        0x0 /usr/lib/gcc/avr/9.2.0/../../../../avr/lib/avr5/libc.a(dtoa_prf.o)
 .bss           0x0000000000800595        0x0 /usr/lib/gcc/avr/9.2.0/../../../../avr/lib/avr5/libc.a(ftoa_engine.o)
 .bss           0x0000000000800595        0x0 /usr/lib/gcc/avr/9.2.0/avr5/libgcc.a(_prologue.o)
 .bss           0x0000000000800595        0x0 /usr/lib/gcc/avr/9.2.0/avr5/libgcc.a(_epilogue.o)
 *(.bss*)
 *(COMMON)
 COMMON         0x0000000000800595        0x8 obj/machine.o
                0x0000000000800595                led_clk_div
                0x0000000000800596                control_flags
                0x0000000000800599                clk
                0x000000000080059a                state_machine
                0x000000000080059c                buzzer_clk_div
 COMMON         0x000000000080059d        0x2 lib/DISPLAYS/SSD1306_AVR//libssd1306.a(ssd1306.o)
                0x000000000080059d                LCD_X
                0x000000000080059e                LCD_Y
                0x000000000080059f                PROVIDE (__bss_end = .)
                0x0000000000002c5a                __data_load_start = LOADADDR (.data)
                0x0000000000002ce0                __data_load_end = (__data_load_start + SIZEOF (.data))

.noinit         0x000000000080059f        0x0
                [!provide]                        PROVIDE (__noinit_start = .)
 *(.noinit*)
                [!provide]                        PROVIDE (__noinit_end = .)
                0x000000000080059f                _end = .
                [!provide]                        PROVIDE (__heap_start = .)

.eeprom         0x0000000000810000        0x0
 *(.eeprom*)
                0x0000000000810000                __eeprom_end = .

.fuse
 *(.fuse)
 *(.lfuse)
 *(.hfuse)
 *(.efuse)

.lock
 *(.lock*)

.signature
 *(.signature*)

.stab
 *(.stab)

.stabstr
 *(.stabstr)

.stab.excl
 *(.stab.excl)

.stab.exclstr
 *(.stab.exclstr)

.stab.index
 *(.stab.index)

.stab.indexstr
 *(.stab.indexstr)

.comment        0x0000000000000000       0x22
 *(.comment)
 .comment       0x0000000000000000       0x11 obj/display.o
                                         0x12 (size before relaxing)
 .comment       0x0000000000000011       0x12 obj/machine.o
 .comment       0x0000000000000011       0x12 obj/usart.o
 .comment       0x0000000000000011       0x12 obj/main.o
 .comment       0x0000000000000011       0x12 lib/DISPLAYS/SSD1306_AVR//libssd1306.a(ssd1306.o)
 .comment       0x0000000000000011       0x12 lib/DISPLAYS/SSD1306_AVR//libssd1306.a(twi.o)
 .comment       0x0000000000000011       0x11 /usr/lib/gcc/avr/9.2.0/../../../../avr/lib/avr5/libc.a(dtostrf.o)
                                         0x12 (size before relaxing)
 .comment       0x0000000000000022       0x12 /usr/lib/gcc/avr/9.2.0/../../../../avr/lib/avr5/libc.a(dtoa_prf.o)

.note.gnu.avr.deviceinfo
                0x0000000000000000       0x40
 .note.gnu.avr.deviceinfo
                0x0000000000000000       0x40 /usr/lib/gcc/avr/9.2.0/../../../../avr/lib/avr5/crtatmega328p.o

.note.gnu.build-id
 *(.note.gnu.build-id)

.debug
 *(.debug)

.line
 *(.line)

.debug_srcinfo
 *(.debug_srcinfo)

.debug_sfnames
 *(.debug_sfnames)

.debug_aranges  0x0000000000000000       0x40
 *(.debug_aranges)
 .debug_aranges
                0x0000000000000000       0x20 lib/DISPLAYS/SSD1306_AVR//libssd1306.a(ssd1306.o)
 .debug_aranges
                0x0000000000000020       0x20 lib/DISPLAYS/SSD1306_AVR//libssd1306.a(twi.o)

.debug_pubnames
 *(.debug_pubnames)

.debug_info     0x0000000000000000     0x2e3b
 *(.debug_info .gnu.linkonce.wi.*)
 .debug_info    0x0000000000000000      0x5f4 /usr/lib/gcc/avr/9.2.0/../../../../avr/lib/avr5/crtatmega328p.o
 .debug_info    0x00000000000005f4     0x2738 lib/DISPLAYS/SSD1306_AVR//libssd1306.a(ssd1306.o)
 .debug_info    0x0000000000002d2c      0x10f lib/DISPLAYS/SSD1306_AVR//libssd1306.a(twi.o)

.debug_abbrev   0x0000000000000000      0x9df
 *(.debug_abbrev)
 .debug_abbrev  0x0000000000000000      0x5a2 /usr/lib/gcc/avr/9.2.0/../../../../avr/lib/avr5/crtatmega328p.o
 .debug_abbrev  0x00000000000005a2      0x3ba lib/DISPLAYS/SSD1306_AVR//libssd1306.a(ssd1306.o)
 .debug_abbrev  0x000000000000095c       0x83 lib/DISPLAYS/SSD1306_AVR//libssd1306.a(twi.o)

.debug_line     0x0000000000000000     0x22c0
 *(.debug_line .debug_line.* .debug_line_end)
 .debug_line    0x0000000000000000       0x1d /usr/lib/gcc/avr/9.2.0/../../../../avr/lib/avr5/crtatmega328p.o
 .debug_line    0x000000000000001d     0x20b5 lib/DISPLAYS/SSD1306_AVR//libssd1306.a(ssd1306.o)
 .debug_line    0x00000000000020d2      0x1ee lib/DISPLAYS/SSD1306_AVR//libssd1306.a(twi.o)

.debug_frame    0x0000000000000000      0x7d8
 *(.debug_frame)
 .debug_frame   0x0000000000000000      0x774 lib/DISPLAYS/SSD1306_AVR//libssd1306.a(ssd1306.o)
 .debug_frame   0x0000000000000774       0x64 lib/DISPLAYS/SSD1306_AVR//libssd1306.a(twi.o)

.debug_str      0x0000000000000000      0x73f
 *(.debug_str)
 .debug_str     0x0000000000000000      0x208 /usr/lib/gcc/avr/9.2.0/../../../../avr/lib/avr5/crtatmega328p.o
 .debug_str     0x0000000000000208      0x52c lib/DISPLAYS/SSD1306_AVR//libssd1306.a(ssd1306.o)
                                        0x587 (size before relaxing)
 .debug_str     0x0000000000000734        0xb lib/DISPLAYS/SSD1306_AVR//libssd1306.a(twi.o)
                                        0x1bf (size before relaxing)

.debug_loc      0x0000000000000000     0x3cc5
 *(.debug_loc)
 .debug_loc     0x0000000000000000     0x3c6d lib/DISPLAYS/SSD1306_AVR//libssd1306.a(ssd1306.o)
 .debug_loc     0x0000000000003c6d       0x58 lib/DISPLAYS/SSD1306_AVR//libssd1306.a(twi.o)

.debug_macinfo
 *(.debug_macinfo)

.debug_weaknames
 *(.debug_weaknames)

.debug_funcnames
 *(.debug_funcnames)

.debug_typenames
 *(.debug_typenames)

.debug_varnames
 *(.debug_varnames)

.debug_pubtypes
 *(.debug_pubtypes)

.debug_ranges   0x0000000000000000       0xa8
 *(.debug_ranges)
 .debug_ranges  0x0000000000000000       0xa8 lib/DISPLAYS/SSD1306_AVR//libssd1306.a(ssd1306.o)

.debug_macro
 *(.debug_macro)

.debug_addr
 *(.debug_addr)
OUTPUT(bin/firmware.elf elf32-avr)
LOAD linker stubs
